// Jest Snapshot v1, https://goo.gl/fbAQLP

exports[`<Navbar /> Rendering matches the snapshot 1`] = `
initialize {
  "0": Object {
    "attribs": Object {
      "class": "sc-AxjAm dAzeQN",
    },
    "children": Array [
      Object {
        "attribs": Object {
          "class": "sc-AxirZ bnnxjp",
          "src": "home.png",
        },
        "children": Array [],
        "name": "img",
        "namespace": "http://www.w3.org/1999/xhtml",
        "next": Object {
          "attribs": Object {
            "class": "sc-AxiKw hgimLr",
            "placeholder": "What are you looking for?",
            "type": "text",
          },
          "children": Array [],
          "name": "input",
          "namespace": "http://www.w3.org/1999/xhtml",
          "next": Object {
            "attribs": Object {
              "class": "sc-AxhCb bJlebg",
            },
            "children": Array [
              Object {
                "data": "Search",
                "next": Object {
                  "attribs": Object {
                    "class": "sc-AxhUy dhHEeR",
                    "src": "lens.png",
                  },
                  "children": Array [],
                  "name": "img",
                  "namespace": "http://www.w3.org/1999/xhtml",
                  "next": null,
                  "parent": [Circular],
                  "prev": [Circular],
                  "type": "tag",
                  "x-attribsNamespace": Object {
                    "class": undefined,
                    "src": undefined,
                  },
                  "x-attribsPrefix": Object {
                    "class": undefined,
                    "src": undefined,
                  },
                },
                "parent": [Circular],
                "prev": null,
                "type": "text",
              },
              Object {
                "attribs": Object {
                  "class": "sc-AxhUy dhHEeR",
                  "src": "lens.png",
                },
                "children": Array [],
                "name": "img",
                "namespace": "http://www.w3.org/1999/xhtml",
                "next": null,
                "parent": [Circular],
                "prev": Object {
                  "data": "Search",
                  "next": [Circular],
                  "parent": [Circular],
                  "prev": null,
                  "type": "text",
                },
                "type": "tag",
                "x-attribsNamespace": Object {
                  "class": undefined,
                  "src": undefined,
                },
                "x-attribsPrefix": Object {
                  "class": undefined,
                  "src": undefined,
                },
              },
            ],
            "name": "button",
            "namespace": "http://www.w3.org/1999/xhtml",
            "next": null,
            "parent": [Circular],
            "prev": [Circular],
            "type": "tag",
            "x-attribsNamespace": Object {
              "class": undefined,
            },
            "x-attribsPrefix": Object {
              "class": undefined,
            },
          },
          "parent": [Circular],
          "prev": [Circular],
          "type": "tag",
          "x-attribsNamespace": Object {
            "class": undefined,
            "placeholder": undefined,
            "type": undefined,
          },
          "x-attribsPrefix": Object {
            "class": undefined,
            "placeholder": undefined,
            "type": undefined,
          },
        },
        "parent": [Circular],
        "prev": null,
        "type": "tag",
        "x-attribsNamespace": Object {
          "class": undefined,
          "src": undefined,
        },
        "x-attribsPrefix": Object {
          "class": undefined,
          "src": undefined,
        },
      },
      Object {
        "attribs": Object {
          "class": "sc-AxiKw hgimLr",
          "placeholder": "What are you looking for?",
          "type": "text",
        },
        "children": Array [],
        "name": "input",
        "namespace": "http://www.w3.org/1999/xhtml",
        "next": Object {
          "attribs": Object {
            "class": "sc-AxhCb bJlebg",
          },
          "children": Array [
            Object {
              "data": "Search",
              "next": Object {
                "attribs": Object {
                  "class": "sc-AxhUy dhHEeR",
                  "src": "lens.png",
                },
                "children": Array [],
                "name": "img",
                "namespace": "http://www.w3.org/1999/xhtml",
                "next": null,
                "parent": [Circular],
                "prev": [Circular],
                "type": "tag",
                "x-attribsNamespace": Object {
                  "class": undefined,
                  "src": undefined,
                },
                "x-attribsPrefix": Object {
                  "class": undefined,
                  "src": undefined,
                },
              },
              "parent": [Circular],
              "prev": null,
              "type": "text",
            },
            Object {
              "attribs": Object {
                "class": "sc-AxhUy dhHEeR",
                "src": "lens.png",
              },
              "children": Array [],
              "name": "img",
              "namespace": "http://www.w3.org/1999/xhtml",
              "next": null,
              "parent": [Circular],
              "prev": Object {
                "data": "Search",
                "next": [Circular],
                "parent": [Circular],
                "prev": null,
                "type": "text",
              },
              "type": "tag",
              "x-attribsNamespace": Object {
                "class": undefined,
                "src": undefined,
              },
              "x-attribsPrefix": Object {
                "class": undefined,
                "src": undefined,
              },
            },
          ],
          "name": "button",
          "namespace": "http://www.w3.org/1999/xhtml",
          "next": null,
          "parent": [Circular],
          "prev": [Circular],
          "type": "tag",
          "x-attribsNamespace": Object {
            "class": undefined,
          },
          "x-attribsPrefix": Object {
            "class": undefined,
          },
        },
        "parent": [Circular],
        "prev": Object {
          "attribs": Object {
            "class": "sc-AxirZ bnnxjp",
            "src": "home.png",
          },
          "children": Array [],
          "name": "img",
          "namespace": "http://www.w3.org/1999/xhtml",
          "next": [Circular],
          "parent": [Circular],
          "prev": null,
          "type": "tag",
          "x-attribsNamespace": Object {
            "class": undefined,
            "src": undefined,
          },
          "x-attribsPrefix": Object {
            "class": undefined,
            "src": undefined,
          },
        },
        "type": "tag",
        "x-attribsNamespace": Object {
          "class": undefined,
          "placeholder": undefined,
          "type": undefined,
        },
        "x-attribsPrefix": Object {
          "class": undefined,
          "placeholder": undefined,
          "type": undefined,
        },
      },
      Object {
        "attribs": Object {
          "class": "sc-AxhCb bJlebg",
        },
        "children": Array [
          Object {
            "data": "Search",
            "next": Object {
              "attribs": Object {
                "class": "sc-AxhUy dhHEeR",
                "src": "lens.png",
              },
              "children": Array [],
              "name": "img",
              "namespace": "http://www.w3.org/1999/xhtml",
              "next": null,
              "parent": [Circular],
              "prev": [Circular],
              "type": "tag",
              "x-attribsNamespace": Object {
                "class": undefined,
                "src": undefined,
              },
              "x-attribsPrefix": Object {
                "class": undefined,
                "src": undefined,
              },
            },
            "parent": [Circular],
            "prev": null,
            "type": "text",
          },
          Object {
            "attribs": Object {
              "class": "sc-AxhUy dhHEeR",
              "src": "lens.png",
            },
            "children": Array [],
            "name": "img",
            "namespace": "http://www.w3.org/1999/xhtml",
            "next": null,
            "parent": [Circular],
            "prev": Object {
              "data": "Search",
              "next": [Circular],
              "parent": [Circular],
              "prev": null,
              "type": "text",
            },
            "type": "tag",
            "x-attribsNamespace": Object {
              "class": undefined,
              "src": undefined,
            },
            "x-attribsPrefix": Object {
              "class": undefined,
              "src": undefined,
            },
          },
        ],
        "name": "button",
        "namespace": "http://www.w3.org/1999/xhtml",
        "next": null,
        "parent": [Circular],
        "prev": Object {
          "attribs": Object {
            "class": "sc-AxiKw hgimLr",
            "placeholder": "What are you looking for?",
            "type": "text",
          },
          "children": Array [],
          "name": "input",
          "namespace": "http://www.w3.org/1999/xhtml",
          "next": [Circular],
          "parent": [Circular],
          "prev": Object {
            "attribs": Object {
              "class": "sc-AxirZ bnnxjp",
              "src": "home.png",
            },
            "children": Array [],
            "name": "img",
            "namespace": "http://www.w3.org/1999/xhtml",
            "next": [Circular],
            "parent": [Circular],
            "prev": null,
            "type": "tag",
            "x-attribsNamespace": Object {
              "class": undefined,
              "src": undefined,
            },
            "x-attribsPrefix": Object {
              "class": undefined,
              "src": undefined,
            },
          },
          "type": "tag",
          "x-attribsNamespace": Object {
            "class": undefined,
            "placeholder": undefined,
            "type": undefined,
          },
          "x-attribsPrefix": Object {
            "class": undefined,
            "placeholder": undefined,
            "type": undefined,
          },
        },
        "type": "tag",
        "x-attribsNamespace": Object {
          "class": undefined,
        },
        "x-attribsPrefix": Object {
          "class": undefined,
        },
      },
    ],
    "name": "div",
    "namespace": "http://www.w3.org/1999/xhtml",
    "next": null,
    "parent": null,
    "prev": null,
    "root": Object {
      "attribs": Object {},
      "children": Array [
        [Circular],
      ],
      "name": "root",
      "namespace": "http://www.w3.org/1999/xhtml",
      "next": null,
      "parent": null,
      "prev": null,
      "type": "root",
      "x-attribsNamespace": Object {},
      "x-attribsPrefix": Object {},
    },
    "type": "tag",
    "x-attribsNamespace": Object {
      "class": undefined,
    },
    "x-attribsPrefix": Object {
      "class": undefined,
    },
  },
  "_root": [Circular],
  "length": 1,
  "options": Object {
    "decodeEntities": true,
    "normalizeWhitespace": false,
    "withDomLvl1": true,
    "xml": false,
  },
}
`;
